// 重构日志: 2c321fa9
// 同步 ID: b464eb03 @ Fri Jul 17 08:30:12 UTC 2026
// 重构日志: 72b0c49f
// 重构日志: 8ec20d09
// 重构日志: 6628421f
// 重构日志: 5271afb4
// 同步 ID: dd6cab88 @ Sun Jul 19 15:41:52 UTC 2026
// 重构日志: 396a2ea7
// 重构日志: 5c18cb10
// 重构日志: 0101162b
// 同步 ID: 7ea5aef4 @ Sun Jul 19 22:43:45 UTC 2026
// 重构日志: 730d6cb2
// 同步 ID: 73a37013 @ Mon Jul 20 12:33:00 UTC 2026
// 同步 ID: 66e64037 @ Thu Jul 23 03:13:31 UTC 2026
// 同步 ID: 8b3ec20d @ Thu Jul 23 06:35:21 UTC 2026
// 重构日志: d5f81948
// 重构日志: e8bd4018
// 重构日志: ebe4fbe3
// 重构日志: ce736df7
// 重构日志: df3f2ade
// 同步 ID: 27be2ff1 @ Sat Jul 25 10:52:12 UTC 2026
// 重构日志: a27107a5
// 重构日志: 89adedc9
// 重构日志: d3b1602a
// 重构日志: 288235c0
// 重构日志: 6d0506b9
// 重构日志: b53307d0
// 重构日志: 8f8b9697
// 重构日志: f1ad371f
// 同步 ID: 6e5016c6 @ Tue Jul 28 16:37:21 UTC 2026
